node.exe : PASS src/app.controller.spec.ts (12.886 s)
위치 줄:1 문자:1
+ & "C:\Program Files\nodejs/node.exe" "C:\Program Files\nodejs/node_mo ...
+ ~~~~~~~~~~~~~~~~~~~~~~~~~~~~~~~~~~~~~~~~~~~~~~~~~~~~~~~~~~~~~~~~~~~~~
    + CategoryInfo          : NotSpecified: (PASS src/app.co...c.ts (12.886 s) 
   :String) [], RemoteException
    + FullyQualifiedErrorId : NativeCommandError
 
PASS src/supabase/supabase.service.spec.ts (13.035 s)
PASS src/openai/openai.service.spec.ts (13.165 s)
PASS src/notes/notes.service.spec.ts (13.191 s)
PASS src/auth/auth.service.spec.ts (13.345 s)
PASS src/notes/notes.controller.spec.ts (14.416 s)
PASS src/auth/auth.controller.spec.ts (14.438 s)

Test Suites: 7 passed, 7 total
Tests:       8 passed, 8 total
Snapshots:   0 total
Time:        15.798 s
Ran all test suites.
